{"u_token":"4Ai8XqAc4FZIAsyzyD3fQiHSRPploRKN","part_number":"Mega Pro Embed CH340G / ATmega2560","manufacturer":"Robotdyn","mode":"place-part","plugin":".snap","source":"https://www.snapeda.com"}